// Jest Snapshot v1, https://goo.gl/fbAQLP

exports[`if loading page renders correctly 1`] = `
<div
  className="loader"
>
  <img
    className="loader__image"
    src="/img/loader.gif"
  />
</div>
`;
